C:\Users\nico0\OneDrive\Desktop\MCOC\Planos_edificio_ing\2017_67-001.dwg,Model,8/29/2026 2:24:08 PM,nico0,AutoCAD PDF (General Documentation).pc3,ISO full bleed A3 (297.00 x 420.00 MM),1:21.2434,
C:\Users\nico0\OneDrive\Desktop\MCOC\Planos_edificio_ing\2017_67-002.dwg,Model,8/29/2026 2:24:26 PM,nico0,AutoCAD PDF (General Documentation).pc3,ISO full bleed A3 (297.00 x 420.00 MM),1:29.9029,
C:\Users\nico0\OneDrive\Desktop\MCOC\Planos_edificio_ing\2017_67-100.dwg,Model,8/29/2026 2:24:38 PM,nico0,AutoCAD PDF (General Documentation).pc3,ANSI full bleed A (8.50 x 11.00 Inches),1:1630.69,
C:\Users\nico0\OneDrive\Desktop\MCOC\Planos_edificio_ing\2017_67-101.dwg,Model,8/29/2026 2:24:45 PM,nico0,AutoCAD PDF (General Documentation).pc3,ANSI full bleed A (8.50 x 11.00 Inches),1:4695.28,
C:\Users\nico0\OneDrive\Desktop\MCOC\Planos_edificio_ing\2017_67-102.dwg,Model,8/29/2026 3:15:17 PM,nico0,AutoCAD PDF (General Documentation).pc3,ANSI full bleed A (8.50 x 11.00 Inches),1:1630.55,
C:\Users\nico0\OneDrive\Desktop\MCOC\Planos_edificio_ing\2017_67-103.dwg,Model,8/29/2026 3:15:23 PM,nico0,AutoCAD PDF (General Documentation).pc3,ANSI full bleed A (8.50 x 11.00 Inches),1:1719.44,
C:\Users\nico0\OneDrive\Desktop\MCOC\Planos_edificio_ing\2017_67-200-I.dwg,Model,8/29/2026 3:15:31 PM,nico0,AutoCAD PDF (General Documentation).pc3,ANSI full bleed A (8.50 x 11.00 Inches),1:1630.59,
C:\Users\nico0\OneDrive\Desktop\MCOC\Planos_edificio_ing\2017_67-200-S.dwg,Model,8/29/2026 3:15:40 PM,nico0,AutoCAD PDF (General Documentation).pc3,ANSI full bleed A (8.50 x 11.00 Inches),1:1630.55,
C:\Users\nico0\OneDrive\Desktop\MCOC\Planos_edificio_ing\2017_67-201.dwg,Model,8/29/2026 3:16:18 PM,nico0,AutoCAD PDF (General Documentation).pc3,ANSI full bleed A (8.50 x 11.00 Inches),1:1630.63,
C:\Users\nico0\OneDrive\Desktop\MCOC\Planos_edificio_ing\2017_67-202-I.dwg,Model,8/29/2026 3:16:23 PM,nico0,AutoCAD PDF (General Documentation).pc3,ANSI full bleed A (8.50 x 11.00 Inches),1:1630.74,
C:\Users\nico0\OneDrive\Desktop\MCOC\Planos_edificio_ing\2017_67-202-S.dwg,Model,8/29/2026 3:16:27 PM,nico0,AutoCAD PDF (General Documentation).pc3,ANSI full bleed A (8.50 x 11.00 Inches),1:1630.81,
C:\Users\nico0\OneDrive\Desktop\MCOC\Planos_edificio_ing\2017_67-203.dwg,Model,8/29/2026 3:16:33 PM,nico0,AutoCAD PDF (General Documentation).pc3,ANSI full bleed A (8.50 x 11.00 Inches),1:1630.61,
C:\Users\nico0\OneDrive\Desktop\MCOC\Planos_edificio_ing\2017_67-204.dwg,Model,8/29/2026 3:16:38 PM,nico0,AutoCAD PDF (General Documentation).pc3,ANSI full bleed A (8.50 x 11.00 Inches),1:1631.77,
C:\Users\nico0\OneDrive\Desktop\MCOC\Planos_edificio_ing\2017_67-205.dwg,Model,8/29/2026 3:16:50 PM,nico0,AutoCAD PDF (General Documentation).pc3,ANSI full bleed A (8.50 x 11.00 Inches),1:1630.54,
C:\Users\nico0\OneDrive\Desktop\MCOC\Planos_edificio_ing\2017_67-300.dwg,Model,8/29/2026 3:17:36 PM,nico0,AutoCAD PDF (General Documentation).pc3,ANSI full bleed A (8.50 x 11.00 Inches),1:127,
C:\Users\nico0\OneDrive\Desktop\MCOC\Planos_edificio_ing\2017_67-301.dwg,Model,8/29/2026 3:17:42 PM,nico0,AutoCAD PDF (General Documentation).pc3,ANSI full bleed A (8.50 x 11.00 Inches),1:127,
C:\Users\nico0\OneDrive\Desktop\MCOC\Planos_edificio_ing\2017_67-302.dwg,Model,8/29/2026 3:17:47 PM,nico0,AutoCAD PDF (General Documentation).pc3,ANSI full bleed A (8.50 x 11.00 Inches),1:127,
C:\Users\nico0\OneDrive\Desktop\MCOC\Planos_edificio_ing\2017_67-303.dwg,Model,8/29/2026 3:17:51 PM,nico0,AutoCAD PDF (General Documentation).pc3,ANSI full bleed A (8.50 x 11.00 Inches),1:127,
C:\Users\nico0\OneDrive\Desktop\MCOC\Planos_edificio_ing\2017_67-304.dwg,Model,8/29/2026 3:17:55 PM,nico0,AutoCAD PDF (General Documentation).pc3,ANSI full bleed A (8.50 x 11.00 Inches),1:127,
C:\Users\nico0\OneDrive\Desktop\MCOC\Planos_edificio_ing\2017_67-305.dwg,Model,8/29/2026 3:18:00 PM,nico0,AutoCAD PDF (General Documentation).pc3,ANSI full bleed A (8.50 x 11.00 Inches),1:127,
C:\Users\nico0\OneDrive\Desktop\MCOC\Planos_edificio_ing\2017_67-306.dwg,Model,8/29/2026 3:18:04 PM,nico0,AutoCAD PDF (General Documentation).pc3,ANSI full bleed A (8.50 x 11.00 Inches),1:127,
C:\Users\nico0\OneDrive\Desktop\MCOC\Planos_edificio_ing\2017_67-307.dwg,Model,8/29/2026 3:18:08 PM,nico0,AutoCAD PDF (General Documentation).pc3,ANSI full bleed A (8.50 x 11.00 Inches),1:127,
C:\Users\nico0\OneDrive\Desktop\MCOC\Planos_edificio_ing\2017_67-308.dwg,Model,8/29/2026 3:18:14 PM,nico0,AutoCAD PDF (General Documentation).pc3,ANSI full bleed A (8.50 x 11.00 Inches),1:127,
C:\Users\nico0\OneDrive\Desktop\MCOC\Planos_edificio_ing\2017_67-309.dwg,Model,8/29/2026 3:18:19 PM,nico0,AutoCAD PDF (General Documentation).pc3,ANSI full bleed A (8.50 x 11.00 Inches),1:127,
C:\Users\nico0\OneDrive\Desktop\MCOC\Planos_edificio_ing\2017_67-310.dwg,Model,8/29/2026 3:18:24 PM,nico0,AutoCAD PDF (General Documentation).pc3,ANSI full bleed A (8.50 x 11.00 Inches),1:127,
C:\Users\nico0\OneDrive\Desktop\MCOC\Planos_edificio_ing\2017_67-400.dwg,Model,8/29/2026 3:19:31 PM,nico0,AutoCAD PDF (General Documentation).pc3,ANSI full bleed A (8.50 x 11.00 Inches),1:127,
C:\Users\nico0\OneDrive\Desktop\MCOC\Planos_edificio_ing\2017_67-401.dwg,Model,8/29/2026 3:19:36 PM,nico0,AutoCAD PDF (General Documentation).pc3,ANSI full bleed A (8.50 x 11.00 Inches),1:127,
C:\Users\nico0\OneDrive\Desktop\MCOC\Planos_edificio_ing\2017_67-402.dwg,Model,8/29/2026 3:19:39 PM,nico0,AutoCAD PDF (General Documentation).pc3,ANSI full bleed A (8.50 x 11.00 Inches),1:127,
C:\Users\nico0\OneDrive\Desktop\MCOC\Planos_edificio_ing\2017_67-500.dwg,Model,8/29/2026 3:19:43 PM,nico0,AutoCAD PDF (General Documentation).pc3,ANSI full bleed A (8.50 x 11.00 Inches),1:127,
C:\Users\nico0\OneDrive\Desktop\MCOC\Planos_edificio_ing\2017_67-501.dwg,Model,8/29/2026 3:19:48 PM,nico0,AutoCAD PDF (General Documentation).pc3,ANSI full bleed A (8.50 x 11.00 Inches),1:127,
C:\Users\nico0\OneDrive\Desktop\MCOC\Planos_edificio_ing\2017_67-502.dwg,Model,8/29/2026 3:19:51 PM,nico0,AutoCAD PDF (General Documentation).pc3,ANSI full bleed A (8.50 x 11.00 Inches),1:127,
C:\Users\nico0\OneDrive\Desktop\MCOC\Planos_edificio_ing\2017_67-503.dwg,Model,8/29/2026 3:19:55 PM,nico0,AutoCAD PDF (General Documentation).pc3,ANSI full bleed A (8.50 x 11.00 Inches),1:127,
C:\Users\nico0\OneDrive\Desktop\MCOC\Planos_edificio_ing\2017_67-600.dwg,Model,8/29/2026 3:20:07 PM,nico0,AutoCAD PDF (General Documentation).pc3,ANSI full bleed A (8.50 x 11.00 Inches),1:127,
C:\Users\nico0\OneDrive\Desktop\MCOC\Planos_edificio_ing\2017_67-700.dwg,Model,8/29/2026 3:20:11 PM,nico0,AutoCAD PDF (General Documentation).pc3,ISO full bleed A3 (297.00 x 420.00 MM),1:45,
C:\Users\nico0\OneDrive\Desktop\MCOC\Planos_edificio_ing\2017_67-800.dwg,Model,8/29/2026 3:20:16 PM,nico0,AutoCAD PDF (General Documentation).pc3,ANSI full bleed A (8.50 x 11.00 Inches),1:127,
C:\Users\nico0\OneDrive\Desktop\MCOC\Planos_edificio_ing\2017_67-801.dwg,Model,8/29/2026 3:20:23 PM,nico0,AutoCAD PDF (General Documentation).pc3,ANSI full bleed A (8.50 x 11.00 Inches),1:127,
C:\Users\nico0\OneDrive\Desktop\MCOC\Planos_edificio_ing\2017_67-802.dwg,Model,8/29/2026 3:20:31 PM,nico0,AutoCAD PDF (General Documentation).pc3,ANSI full bleed A (8.50 x 11.00 Inches),1:127,
C:\Users\nico0\OneDrive\Desktop\Edificio\Planos_edificio_ing\2017_67-400.dwg,FORMATO-A0,8/29/2026 3:40:24 PM,nico0,AutoCAD PDF (General Documentation).pc3,ISO expand A0 (841.00 x 1189.00 MM),1:1,
C:\Users\nico0\OneDrive\Desktop\Edificio\Planos_edificio_ing\2017_67-401.dwg,FORMATO-A0,8/29/2026 3:41:05 PM,nico0,AutoCAD PDF (General Documentation).pc3,ISO expand A0 (841.00 x 1189.00 MM),1:1,
C:\Users\nico0\OneDrive\Desktop\Edificio\Planos_edificio_ing\2017_67-402.dwg,FORMATO-A0,8/29/2026 3:41:36 PM,nico0,AutoCAD PDF (General Documentation).pc3,ISO expand A0 (841.00 x 1189.00 MM),1:1,
